// Jest Snapshot v1, https://goo.gl/fbAQLP

exports[`Students app render students data on fetching 1`] = `
<DocumentFragment>
  <div
    class="App"
  >
    <nav>
      <ul>
        <li>
          <a
            href="/"
            style="color: rgb(12, 93, 199); padding: 5px; font-size: 25px;"
          >
            Home
          </a>
        </li>
        <li>
          <a
            href="/add"
            style="color: rgb(12, 93, 199); padding: 5px; font-size: 25px;"
          >
            Add
          </a>
        </li>
      </ul>
    </nav>
    <div
      class="student-list"
    >
      <h1>
        Students
      </h1>
      <table>
        <thead>
          <tr>
            <th>
              Name
            </th>
            <th>
              Roll Number
            </th>
            <th>
              Trainings
            </th>
            <th>
              Email
            </th>
            <th>
              Actions
            </th>
          </tr>
        </thead>
        <tbody>
          <tr>
            <td>
              rahul
            </td>
            <td>
              1
            </td>
            <td>
              JAVA,  HTML
            </td>
            <td>
              rahul21@gmail.com
            </td>
            <td>
              <button>
                Delete
              </button>
              <button>
                Edit
              </button>
            </td>
          </tr>
          <tr>
            <td>
              manish
            </td>
            <td>
              2
            </td>
            <td>
              JAVA,  HTML
            </td>
            <td>
              manish21@gmail.com
            </td>
            <td>
              <button>
                Delete
              </button>
              <button>
                Edit
              </button>
            </td>
          </tr>
          <tr>
            <td>
              rohit
            </td>
            <td>
              3
            </td>
            <td>
              HTML
            </td>
            <td>
              rohit77@gmail.com
            </td>
            <td>
              <button>
                Delete
              </button>
              <button>
                Edit
              </button>
            </td>
          </tr>
        </tbody>
      </table>
      <button>
        Add New Student
      </button>
    </div>
  </div>
</DocumentFragment>
`;
