// Jest Snapshot v1, https://goo.gl/fbAQLP

exports[`Students app render students data on fetching 1`] = `
<DocumentFragment>
  <div
    class="App"
  >
    <nav>
      <ul>
        <li>
          <a
            href="/"
            style="color: rgb(12, 93, 199); padding: 5px; font-size: 25px;"
          >
            Home
          </a>
        </li>
        <li>
          <a
            href="/add"
            style="color: rgb(12, 93, 199); padding: 5px; font-size: 25px;"
          >
            Add
          </a>
        </li>
      </ul>
    </nav>
    <div
      class="student-list"
    >
      <h1>
        Students
      </h1>
      <input
        placeholder="enter text here.."
        type="text"
        value=""
      />
      <button>
        Search
      </button>
      <p>
        Total Students: 0
      </p>
      <table>
        <thead>
          <tr>
            <th>
              Name
            </th>
            <th>
              Roll Number
            </th>
            <th>
              Trainings
            </th>
            <th>
              Email
            </th>
            <th>
              Actions
            </th>
          </tr>
        </thead>
        <tbody />
      </table>
      <div
        class="pagination-buttons"
      >
        <button
          disabled=""
        >
          Previous
        </button>
        <button>
          Next
        </button>
      </div>
      <select>
        <option
          value="10"
        >
          10
        </option>
        <option
          value="20"
        >
          20
        </option>
        <option
          value="30"
        >
          30
        </option>
      </select>
      Paged: 0
    </div>
  </div>
</DocumentFragment>
`;
